[gorod53.ru/index.html]
[backblue.gif]
[fade.gif]
[index.html]
[gorod53.ru/favicon.png]
[gorod53.ru/css/reset.css]
[gorod53.ru/css/layout.css]
[gorod53.ru/css/template.css]
[gorod53.ru/css/jquery.fancybox.css]
[gorod53.ru/css/jquery-ui-timepicker-addon.css]
[gorod53.ru/css/jquery-ui.css]
[gorod53.ru/js/jquery-1.10.2.min.js]
[gorod53.ru/js/jquery.fancybox.pack.js]
[gorod53.ru/js/jquery-ui.min.js]
[gorod53.ru/js/jquery-ui-timepicker-addon.js]
[gorod53.ru/js/carouFredSel/jquery.carouFredSel-6.2.1.js]
[vk.com/js/api/openapi698d.js]
[gorod53.ru/js/templates30f4.js]
[vk.com/js/api/openapi7e77.js]
[gorod53.ru/images/tpl/logo.gif]
[gorod53.ru/protivodejstvie-korruptcii.html]
[gorod53.ru/versiya-dlya-slabovidyashchih.html]
[gorod53.ru/images/tpl/eye-2387853_1280.png]
[gorod53.ru/o-nas.html]
[gorod53.ru/kontakty.html]
[gorod53.ru/novosti/index.html]
[gorod53.ru/klubnie-formirovaniya/index.html]
[gorod53.ru/narodnie-kollektivi/index.html]
[gorod53.ru/anonsy/366.html]
[gorod53.ru/userfiles/images/slyder(1)(1).jpg]
[gorod53.ru/images/anonsy/381-sm.jpg]
[gorod53.ru/uslugi/index.html]
[gorod53.ru/anonsy/index.html]
[gorod53.ru/anonsy/381.html]
[gorod53.ru/images/anonsy/378-sm.jpg]
[gorod53.ru/anonsy/378.html]
[gorod53.ru/images/anonsy/370-sm.jpg]
[gorod53.ru/anonsy/370.html]
[gorod53.ru/images/anonsy/371-sm.jpg]
[gorod53.ru/anonsy/371.html]
[gorod53.ru/images/news/109-sm.jpg]
[gorod53.ru/novosti/109.html]
[gorod53.ru/images/baners/1/39.jpg]
[gorod53.ru/images/baners/1/53.jpg]
[gorod53.ru/images/baners/1/55.jpg]
[gorod53.ru/images/baners/1/36.jpg]
[gorod53.ru/userfiles/images/baneri-vnizu/vagon-igrushek.jpg]
[gorod53.ru/images/baners/1/24.jpg]
[gorod53.ru/images/tmp/04.jpg]
[pos.gosuslugi.ru/bin/script.min.js]
[gorod53.ru/images/baners/2/52.jpg]
[gorod53.ru/images/baners/2/47.jpg]
[gorod53.ru/images/baners/2/43.jpg]
[gorod53.ru/images/baners/2/44.jpg]
[gorod53.ru/images/baners/2/57.jpg]
[gorod53.ru/images/lock.png]
[gorod53.ru/fotogalereya/index.html]
[gorod53.ru/videoteka/index.html]
[gorod53.ru/images/tpl/foot_logo.png]
[bs.yandex.ru/informer/26044164/3_0_FFFFFFFF_EFEFEFFF_0_pageviews.35.delayed]
[culturaltracking.ru/static/js/spxlb331.js]
[gorod53.ru/index.html]
[gorod53.ru/mi-ispolzuem-cookie.html]
[gorod53.ru/userfiles/files/     .doc]
[gorod53.ru/userfiles/files/      (2015).pdf]
[gorod53.ru/userfiles/files/      (2019).pdf]
[gorod53.ru/userfiles/files/    .pdf]
[gorod53.ru/userfiles/files/   (2).pdf]
[gorod53.ru/userfiles/files/       .pdf]
[gorod53.ru/userfiles/files/   (3).pdf]
[gorod53.ru/userfiles/files/   ,     .pdf]
[gorod53.ru/userfiles/files/   (4).pdf]
[gorod53.ru/userfiles/files/        (2019).pdf]
[gorod53.ru/userfiles/files/  .pdf]
[gorod53.ru/userfiles/files/    (2020).doc]
[gorod53.ru/userfiles/files/ ()     (2020).doc]
[gorod53.ru/userfiles/files/Otchot o corrupcii za 2021(1).pdf]
[gorod53.ru/userfiles/files/Otchot o corrupcii za 2021(2).pdf]
[gorod53.ru/userfiles/files/Plan meropriyatiy po predotvrahenii korupcii na 2022(1).pdf]
[gorod53.ru/protivodejstvie-korruptcii.html]
[gorod53.ru/images/special/images/w_normal.png]
[gorod53.ru/images/special/images/b_normal.png]
[gorod53.ru/images/special/images/c_normal.png]
[gorod53.ru/images/special/js/pie.htc]
[gorod53.ru/images/special/images/a1.png]
[gorod53.ru/images/special/images/a2.png]
[gorod53.ru/images/special/images/a3.png]
[gorod53.ru/versiya-dlya-slabovidyashchih.html]
[gorod53.ru/userfiles/images/  (7).jpg]
[gorod53.ru/o-nas.html]
[gorod53.ru/images/news/110-sm.jpg]
[gorod53.ru/novosti/110.html]
[gorod53.ru/images/news/108-sm.jpg]
[gorod53.ru/novosti/index.html]
[gorod53.ru/novosti/108.html]
[gorod53.ru/userfiles/images/ (3).jpg]
[gorod53.ru/novosti/index7ee3.html]
[gorod53.ru/klubnie-formirovaniya/vokalnie-kollektivi/index.html]
[gorod53.ru/klubnie-formirovaniya/horeograficheskie-kollektivi/index.html]
[gorod53.ru/userfiles/images/ (4).jpg]
[gorod53.ru/klubnie-formirovaniya/teatralnie-kollektivi/index.html]
[gorod53.ru/klubnie-formirovaniya/izobrazitelnoe-iskusstvo/index.html]
[gorod53.ru/klubnie-formirovaniya/dekorativno-prikladnoe-tvorchestvo/index.html]
[gorod53.ru/klubnie-formirovaniya/razvivayushe-obuchayushaya-deyatelnost/index.html]
[gorod53.ru/userfiles/images/- (1).jpg]
[gorod53.ru/userfiles/images/ (5).jpg]
[gorod53.ru/userfiles/images/ (6).jpg]
[gorod53.ru/userfiles/images/- (2).jpg]
[gorod53.ru/userfiles/images/   .jpg]
[gorod53.ru/klubnie-formirovaniya/index.html]
[gorod53.ru/klubnie-formirovaniya/narodnie-kollektivi/index.html]
[gorod53.ru/narodnie-kollektivi/horeograficheskij-ansambl-ladushki.html]
[gorod53.ru/narodnie-kollektivi/detskij-teatr-baleta.html]
[gorod53.ru/narodnie-kollektivi/vokalnaya-studiya-akvarel.html]
[gorod53.ru/narodnie-kollektivi/shkola-studiya-tantcuyushij-gorod.html]
[gorod53.ru/narodnie-kollektivi/teatr-neslishashego-aktera-zhest.html]
[gorod53.ru/narodnie-kollektivi/teatr-yunogo-zritelya.html]
[gorod53.ru/narodnie-kollektivi/teatr-studiya-eksperiment.html]
[gorod53.ru/narodnie-kollektivi/horeograficheskij-ansambl-molodost.html]
[gorod53.ru/narodnie-kollektivi/studiya-izobrazitelnogo-iskusstva.html]
[gorod53.ru/narodnie-kollektivi/hor-veteranov.html]
[gorod53.ru/narodnie-kollektivi/akademicheskij-muzhskoj-hor.html]
[gorod53.ru/narodnie-kollektivi/studiya-dekorativno-prikladnogo-iskusstva-novgorodskaya-beresta.html]
[gorod53.ru/narodnie-kollektivi/studiya-dekorativno-prikladnogo-tvorchestva-traditcionnaya-kukla.html]
[gorod53.ru/narodnie-kollektivi/studiya-dekorativno-prikladnogo-tvorchestva-lakovaya-miniatyura.html]
[gorod53.ru/userfiles/images/ladushki.jpg]
[gorod53.ru/narodnie-kollektivi/gruppa-meloman.html]
[gorod53.ru/userfiles/images/3Gsp8H2WAdM.jpg]
[gorod53.ru/userfiles/images/MtZM-rX1gjg.jpg]
[gorod53.ru/narodnie-kollektivi/horeograficheskaya-studiya-apelsin.html]
[gorod53.ru/userfiles/images/v0SJoWMM0zE(1).jpg]
[gorod53.ru/userfiles/images/2e_DnvaD6MU.jpg]
[gorod53.ru/userfiles/images/9YRAarQ7xjM(1).jpg]
[gorod53.ru/userfiles/images/ljgvgjp.jpg]
[gorod53.ru/userfiles/images/138acHgzBV4.jpg]
[gorod53.ru/userfiles/images/BhABWqquMms.jpg]
[gorod53.ru/userfiles/images/tU9g9qu-ecU.jpg]
[gorod53.ru/userfiles/images/_lGNxOMzXB8.jpg]
[gorod53.ru/userfiles/images/3Od1QL9fM8I.jpg]
[gorod53.ru/userfiles/images/eP6V6POe8WA.jpg]
[gorod53.ru/userfiles/images/G9-o1Idt_h8.jpg]
[gorod53.ru/userfiles/images/dmayRMUsjck(2)(2).jpg]
[gorod53.ru/narodnie-kollektivi/index.html]
[gorod53.ru/uslugi/poseshenie-organizovannih-zanyatij-v-kollektivah-platnoj-seti.html]
[gorod53.ru/userfiles/files/Preyskurant_tsen_na_platnye_uslugi_-_obschiy_2022-2023.pdf]
[gorod53.ru/uslugi/perechen-platnih-uslug.html]
[gorod53.ru/uslugi/index.html]
[gorod53.ru/ustavnie-dokumenti.html]
[gorod53.ru/userfiles/files/     () 2019 ().pdf]
[gorod53.ru/userfiles/files/    ( 2022)!!!.pdf]
[gorod53.ru/userfiles/files/     ( ).doc]
[gorod53.ru/plan-raboti-mauk-dvoretc-kulturi-i-molodezhi-gorod.html]
[gorod53.ru/otchet-o-rabote-mauk-dvoretc-kulturi-i-molodezhi-gorod.html]
[gorod53.ru/otchet-o-vipolnenii-munitcipalnogo-zadaniya.html]
[gorod53.ru/userfiles/files/     -   .doc]
[культура.новгород.рф/pub/files/mun_zadan/ved_perechen/ved_perechen_1016.pdf]
[gorod53.ru/userfiles/files/        .pdf]
[gorod53.ru/userfiles/files/ (7).pdf]
[gorod53.ru/kontakty.html]
[gorod53.ru/anonsy/124.html]
[gorod53.ru/anonsy/366.html]
[gorod53.ru/anonsy/index.html]
[gorod53.ru/images/anonsy/381.jpg]
[gorod53.ru/anonsy/indexd661.html]
[gorod53.ru/anonsy/index5c98.html]
[vk.com/emoji/e/e29d97.png]
[gorod53.ru/anonsy/381.html]
[gorod53.ru/images/anonsy/378.jpg]
[gorod53.ru/anonsy/374.html]
[gorod53.ru/anonsy/378.html]
[gorod53.ru/images/anonsy/370.jpg]
[gorod53.ru/userfiles/images/1(2).jpg]
[gorod53.ru/userfiles/images/2(1).jpg]
[gorod53.ru/userfiles/images/3.jpg]
[gorod53.ru/userfiles/images/4.jpg]
[gorod53.ru/userfiles/images/5.jpg]
[gorod53.ru/userfiles/images/6.jpg]
[gorod53.ru/userfiles/images/7.jpg]
[gorod53.ru/userfiles/images/8.jpg]
[gorod53.ru/userfiles/images/9(1).jpg]
[gorod53.ru/userfiles/images/10.jpg]
[gorod53.ru/userfiles/images/11.jpg]
[gorod53.ru/userfiles/images/12.jpg]
[gorod53.ru/userfiles/images/13.jpg]
[gorod53.ru/userfiles/images/14.jpg]
[gorod53.ru/userfiles/images/15.jpg]
[gorod53.ru/userfiles/images/16.jpg]
[gorod53.ru/userfiles/images/17.jpg]
[gorod53.ru/userfiles/images/18.jpg]
[gorod53.ru/userfiles/images/19.jpg]
[gorod53.ru/userfiles/images/20.jpg]
[gorod53.ru/anonsy/372.html]
[gorod53.ru/anonsy/373.html]
[gorod53.ru/anonsy/370.html]
[gorod53.ru/images/anonsy/371.jpg]
[gorod53.ru/userfiles/images/IMG_20211026_122212.jpg]
[gorod53.ru/userfiles/images/IMG_20211026_122125.jpg]
[gorod53.ru/userfiles/images/IMG_20211026_122021.jpg]
[gorod53.ru/userfiles/images/IMG_20211026_121850.jpg]
[gorod53.ru/userfiles/images/IMG_20211026_121816.jpg]
[gorod53.ru/userfiles/images/IMG_20211026_121637.jpg]
[gorod53.ru/userfiles/images/IMG_20211026_121522.jpg]
[gorod53.ru/userfiles/images/IMG_20211026_121406(1).jpg]
[gorod53.ru/userfiles/images/IMG_20211026_121250.jpg]
[gorod53.ru/userfiles/images/IMG_20211026_121058.jpg]
[gorod53.ru/userfiles/images/IMG_20211026_120857.jpg]
[gorod53.ru/userfiles/images/IMG_20211026_120518.jpg]
[gorod53.ru/userfiles/images/IMG_20211026_120238.jpg]
[gorod53.ru/userfiles/images/IMG_20211026_120140.jpg]
[gorod53.ru/userfiles/images/IMG_20211026_120015.jpg]
[gorod53.ru/userfiles/images/IMG_20211026_115925.jpg]
[gorod53.ru/userfiles/images/IMG_20211026_115749.jpg]
[gorod53.ru/userfiles/images/IMG_20211026_115554.jpg]
[gorod53.ru/userfiles/images/IMG_20211026_115439.jpg]
[gorod53.ru/userfiles/images/IMG_20211026_115353.jpg]
[gorod53.ru/userfiles/images/IMG_20211026_115220.jpg]
[gorod53.ru/userfiles/images/IMG_20211026_115137.jpg]
[gorod53.ru/userfiles/images/IMG_20211026_115046.jpg]
[gorod53.ru/userfiles/images/IMG_20211026_114944.jpg]
[gorod53.ru/userfiles/images/IMG_20211026_114903.jpg]
[gorod53.ru/userfiles/images/IMG_20211026_114840.jpg]
[gorod53.ru/userfiles/images/IMG_20211026_114707.jpg]
[gorod53.ru/userfiles/images/IMG_20211026_114612.jpg]
[gorod53.ru/userfiles/images/IMG_20211026_122359.jpg]
[gorod53.ru/userfiles/images/IMG_20211026_122419.jpg]
[gorod53.ru/anonsy/368.html]
[gorod53.ru/anonsy/371.html]
[gorod53.ru/images/news/109.jpg]
[gorod53.ru/novosti/109.html]
[gorod53.ru/images/tpl/mod_bread.png]
[gorod53.ru/images/fotoalbomy/49/6153_m.jpg]
[gorod53.ru/fotogalereya/49.html]
[gorod53.ru/fotogalereya/42.html]
[gorod53.ru/images/fotoalbomy/42/5802_m.jpg]
[gorod53.ru/fotogalereya/25.html]
[gorod53.ru/images/fotoalbomy/25/3244_m.jpg]
[gorod53.ru/fotogalereya/20.html]
[gorod53.ru/images/fotoalbomy/20/3094_m.jpg]
[gorod53.ru/fotogalereya/index.html]
[gorod53.ru/videoteka/index.html]
[bs.yandex.ru/informer/26044164/3_0_FFFFFFFF_EFEFEFFF_0_pageviews]
[gorod53.ru/videoteka/index4a53.html]
[gorod53.ru/mi-ispolzuem-cookie.html]
[gorod53.ru/indexe732.html]
[gorod53.ru/protivodejstvie-korruptciie732.html]
[gorod53.ru/versiya-dlya-slabovidyashchihe732.html]
[gorod53.ru/o-nase732.html]
[gorod53.ru/images/news/110.jpg]
[gorod53.ru/novosti/110.html]
[gorod53.ru/images/news/108.jpg]
[gorod53.ru/novosti/108.html]
[gorod53.ru/novosti/index7ee3.html]
[gorod53.ru/novosti/indexe732.html]
[gorod53.ru/klubnie-formirovaniya/horeograficheskie-kollektivi/shkola-studiya-tantcuyushij-gorod.html]
[gorod53.ru/klubnie-formirovaniya/horeograficheskie-kollektivi/horeograficheskaya-studiya-konfetti.html]
[gorod53.ru/klubnie-formirovaniya/horeograficheskie-kollektivi/horeograficheskij-ansambl-ladushki.html]
[gorod53.ru/klubnie-formirovaniya/horeograficheskie-kollektivi/horeograficheskij-ansambl-molodost.html]
[gorod53.ru/klubnie-formirovaniya/horeograficheskie-kollektivi/gruppa-igrovoj-horeografii-luchiki.html]
[gorod53.ru/klubnie-formirovaniya/horeograficheskie-kollektivi/shkola-irlandskogo-tantca-samhain.html]
[gorod53.ru/klubnie-formirovaniya/horeograficheskie-kollektivi/horeograficheskij-kollektiv-kruasani.html]
[gorod53.ru/klubnie-formirovaniya/horeograficheskie-kollektivi/studiya-chirlidinga.html]
[gorod53.ru/klubnie-formirovaniya/horeograficheskie-kollektivi/detskij-teatr-baleta.html]
[gorod53.ru/klubnie-formirovaniya/horeograficheskie-kollektivi/horeograficheskaya-studiya-kalejdoskop.html]
[gorod53.ru/userfiles/images/v0SJoWMM0zE(3).jpg]
[gorod53.ru/klubnie-formirovaniya/horeograficheskie-kollektivi/new-wave-fam-studiya-sovremennoj-horeografii.html]
[gorod53.ru/userfiles/images/oHTMaHyQzZk(1).jpg]
[gorod53.ru/userfiles/images/ladushki(2).jpg]
[gorod53.ru/userfiles/images/138acHgzBV4(2).jpg]
[gorod53.ru/userfiles/images/Ok3dN-ucAw8(1).jpg]
[gorod53.ru/userfiles/images/JZdxZMNOESY(1).jpg]
[gorod53.ru/userfiles/images/gc5b1Qn5UTc(1).jpg]
[gorod53.ru/userfiles/images/o1b6Ep8WhXk(1).jpg]
[gorod53.ru/userfiles/images/3Gsp8H2WAdM(2).jpg]
[gorod53.ru/userfiles/images/cYZrOkKmpuE(1).jpg]
[gorod53.ru/klubnie-formirovaniya/horeograficheskie-kollektivi/shkola-brejk-dansa-nova-breaking-school.html]
[gorod53.ru/userfiles/images/4gh5E7JbGe4(1).jpg]
[gorod53.ru/klubnie-formirovaniya/horeograficheskie-kollektivi/index.html]
[gorod53.ru/klubnie-formirovaniya/vokalnie-kollektivi/gruppa-meloman.html]
[gorod53.ru/klubnie-formirovaniya/vokalnie-kollektivi/vokalnaya-studiya-akvarel.html]
[gorod53.ru/klubnie-formirovaniya/vokalnie-kollektivi/vokalnaya-studiya-intonika.html]
[gorod53.ru/klubnie-formirovaniya/vokalnie-kollektivi/studiya-estradnogo-vokala-mikst.html]
[gorod53.ru/klubnie-formirovaniya/vokalnie-kollektivi/akademicheskij-muzhskoj-hor.html]
[gorod53.ru/userfiles/images/dmayRMUsjck(2).jpg]
[gorod53.ru/klubnie-formirovaniya/vokalnie-kollektivi/hor-veteranov.html]
[gorod53.ru/userfiles/images/MtZM-rX1gjg(2).jpg]
[gorod53.ru/userfiles/images/A6jwXdQLDoM(1).jpg]
[gorod53.ru/userfiles/images/QcU3Gjedz2w(1).jpg]
[gorod53.ru/userfiles/images/o_duRALJkkg(2).jpg]
[gorod53.ru/userfiles/images/tU9g9qu-ecU(2).jpg]
[gorod53.ru/klubnie-formirovaniya/vokalnie-kollektivi/index.html]
[gorod53.ru/klubnie-formirovaniya/dekorativno-prikladnoe-tvorchestvo/studiya-traditcionnoj-rospisi-alenkij-tcvetochek.html]
[gorod53.ru/klubnie-formirovaniya/dekorativno-prikladnoe-tvorchestvo/studiya-izobrazitelnogo-iskusstva-kolorit.html]
[gorod53.ru/klubnie-formirovaniya/dekorativno-prikladnoe-tvorchestvo/studiya-lepki-glinyanoe-chudo.html]
[gorod53.ru/klubnie-formirovaniya/dekorativno-prikladnoe-tvorchestvo/studiya-rukodeliya-zolushka.html]
[gorod53.ru/klubnie-formirovaniya/dekorativno-prikladnoe-tvorchestvo/studiya-dekorativno-prikladnogo-tvorchestva-lakovaya-miniatyura.html]
[gorod53.ru/klubnie-formirovaniya/dekorativno-prikladnoe-tvorchestvo/studiya-dekorativno-prikladnogo-tvorchestva-traditcionnaya-kukla.html]
[gorod53.ru/userfiles/images/AUjlY8vL3f8(1).jpg]
[gorod53.ru/klubnie-formirovaniya/dekorativno-prikladnoe-tvorchestvo/studiya-dekorativno-prikladnogo-iskusstva-novgorodskaya-beresta.html]
[gorod53.ru/userfiles/images/rcQ3atjomxU(1).jpg]
[gorod53.ru/userfiles/images/l9oonxY6Hyw(1).jpg]
[gorod53.ru/userfiles/images/RoB-9KN1q7Q(1).jpg]
[gorod53.ru/userfiles/images/G9-o1Idt_h8(2).jpg]
[gorod53.ru/userfiles/images/eP6V6POe8WA(2).jpg]
[gorod53.ru/userfiles/images/3Od1QL9fM8I(2).jpg]
[gorod53.ru/klubnie-formirovaniya/dekorativno-prikladnoe-tvorchestvo/index.html]
[gorod53.ru/klubnie-formirovaniya/izobrazitelnoe-iskusstvo/studiya-traditcionnoj-rospisi-alenkij-tcvetochek.html]
[gorod53.ru/klubnie-formirovaniya/izobrazitelnoe-iskusstvo/studiya-izobrazitelnogo-iskusstva-kolorit.html]
[gorod53.ru/klubnie-formirovaniya/izobrazitelnoe-iskusstvo/studiya-risunka-i-dizajna-kapitoshka.html]
[gorod53.ru/klubnie-formirovaniya/izobrazitelnoe-iskusstvo/studiya-izobrazitelnogo-iskusstva.html]
[gorod53.ru/userfiles/images/AUjlY8vL3f8(2).jpg]
[gorod53.ru/userfiles/images/rcQ3atjomxU(2).jpg]
[gorod53.ru/klubnie-formirovaniya/izobrazitelnoe-iskusstvo/studiya-izobrazitelnogo-iskusstva-karmin.html]
[gorod53.ru/userfiles/images/3M7huiCWugI(1).jpg]
[gorod53.ru/userfiles/images/hGeqmselUrI(1).jpg]
[gorod53.ru/klubnie-formirovaniya/izobrazitelnoe-iskusstvo/studiya-izobrazitelnogo-iskusstva-perspektiva.html]
[gorod53.ru/userfiles/images/HwywhlfvmJs(1).jpg]
[gorod53.ru/userfiles/images/BhABWqquMms(2).jpg]
[gorod53.ru/klubnie-formirovaniya/izobrazitelnoe-iskusstvo/index.html]
[gorod53.ru/klubnie-formirovaniya/teatralnie-kollektivi/teatr-neslishashego-aktera-zhest.html]
[gorod53.ru/klubnie-formirovaniya/teatralnie-kollektivi/teatr-yunogo-zritelya-vivat.html]
[gorod53.ru/klubnie-formirovaniya/teatralnie-kollektivi/teatr-studiya-eksperiment.html]
[gorod53.ru/klubnie-formirovaniya/teatralnie-kollektivi/teatralnie-studii-printc-gamlet-i-drug-goratcio.html]
[gorod53.ru/userfiles/images/2e_DnvaD6MU(2).jpg]
[gorod53.ru/userfiles/images/9YRAarQ7xjM(3).jpg]
[gorod53.ru/userfiles/images/trThdUZvyPg.jpg]
[gorod53.ru/userfiles/images/ljgvgjp(2).jpg]
[gorod53.ru/klubnie-formirovaniya/teatralnie-kollektivi/index.html]
[gorod53.ru/klubnie-formirovaniya/razvivayushe-obuchayushaya-deyatelnost/mini-shkola-uchimsya-igraya.html]
[gorod53.ru/klubnie-formirovaniya/razvivayushe-obuchayushaya-deyatelnost/studiya-razvitiya-intellektualnih-i-tvorcheskih-sposobnostej-raduga.html]
[gorod53.ru/userfiles/images/ekuvmdf3ubg(2).jpg]
[gorod53.ru/userfiles/images/7k3uCq4W6rg(2).jpg]
[gorod53.ru/klubnie-formirovaniya/razvivayushe-obuchayushaya-deyatelnost/index.html]
[gorod53.ru/klubnie-formirovaniya/narodnie-kollektivi/horeograficheskij-ansambl-ladushki.html]
[gorod53.ru/klubnie-formirovaniya/narodnie-kollektivi/detskij-teatr-baleta.html]
[gorod53.ru/klubnie-formirovaniya/narodnie-kollektivi/vokalnaya-studiya-akvarel.html]
[gorod53.ru/klubnie-formirovaniya/narodnie-kollektivi/shkola-studiya-tantcuyushij-gorod.html]
[gorod53.ru/klubnie-formirovaniya/narodnie-kollektivi/teatr-neslishashego-aktera-zhest.html]
[gorod53.ru/klubnie-formirovaniya/narodnie-kollektivi/teatr-yunogo-zritelya.html]
[gorod53.ru/klubnie-formirovaniya/narodnie-kollektivi/teatr-studiya-eksperiment.html]
[gorod53.ru/klubnie-formirovaniya/narodnie-kollektivi/horeograficheskij-ansambl-molodost.html]
[gorod53.ru/klubnie-formirovaniya/narodnie-kollektivi/studiya-izobrazitelnogo-iskusstva.html]
[gorod53.ru/klubnie-formirovaniya/narodnie-kollektivi/hor-veteranov.html]
[gorod53.ru/klubnie-formirovaniya/narodnie-kollektivi/akademicheskij-muzhskoj-hor.html]
[gorod53.ru/klubnie-formirovaniya/narodnie-kollektivi/studiya-dekorativno-prikladnogo-iskusstva-novgorodskaya-beresta.html]
[gorod53.ru/klubnie-formirovaniya/narodnie-kollektivi/studiya-dekorativno-prikladnogo-tvorchestva-traditcionnaya-kukla.html]
[gorod53.ru/klubnie-formirovaniya/narodnie-kollektivi/studiya-dekorativno-prikladnogo-tvorchestva-lakovaya-miniatyura.html]
[gorod53.ru/klubnie-formirovaniya/narodnie-kollektivi/index.html]
[gorod53.ru/klubnie-formirovaniya/indexe732.html]
[gorod53.ru/userfiles/images/ladushki(1).jpg]
[gorod53.ru/klubnie-formirovaniya/narodnie-kollektivi/gruppa-meloman.html]
[gorod53.ru/narodnie-kollektivi/horeograficheskij-ansambl-ladushki.html]
[gorod53.ru/userfiles/images/3Gsp8H2WAdM(1).jpg]
[gorod53.ru/narodnie-kollektivi/detskij-teatr-baleta.html]
[gorod53.ru/userfiles/images/MtZM-rX1gjg(1).jpg]
[gorod53.ru/narodnie-kollektivi/vokalnaya-studiya-akvarel.html]
[gorod53.ru/userfiles/images/v0SJoWMM0zE(2).jpg]
[gorod53.ru/narodnie-kollektivi/shkola-studiya-tantcuyushij-gorod.html]
[gorod53.ru/userfiles/images/2e_DnvaD6MU(1).jpg]
[gorod53.ru/narodnie-kollektivi/teatr-neslishashego-aktera-zhest.html]
[gorod53.ru/userfiles/images/9YRAarQ7xjM(2).jpg]
[gorod53.ru/narodnie-kollektivi/teatr-yunogo-zritelya.html]
[gorod53.ru/userfiles/images/ljgvgjp(3).jpg]
[gorod53.ru/narodnie-kollektivi/teatr-studiya-eksperiment.html]
[gorod53.ru/userfiles/images/138acHgzBV4(1).jpg]
[gorod53.ru/narodnie-kollektivi/horeograficheskij-ansambl-molodost.html]
[gorod53.ru/userfiles/images/BhABWqquMms(1).jpg]
[gorod53.ru/narodnie-kollektivi/studiya-izobrazitelnogo-iskusstva.html]
[gorod53.ru/userfiles/images/tU9g9qu-ecU(1).jpg]
[gorod53.ru/narodnie-kollektivi/hor-veteranov.html]
[gorod53.ru/narodnie-kollektivi/akademicheskij-muzhskoj-hor.html]
[gorod53.ru/userfiles/images/3Od1QL9fM8I(1).jpg]
[gorod53.ru/narodnie-kollektivi/studiya-dekorativno-prikladnogo-iskusstva-novgorodskaya-beresta.html]
[gorod53.ru/userfiles/images/eP6V6POe8WA(1).jpg]
[gorod53.ru/narodnie-kollektivi/studiya-dekorativno-prikladnogo-tvorchestva-traditcionnaya-kukla.html]
[gorod53.ru/userfiles/images/G9-o1Idt_h8(1).jpg]
[gorod53.ru/userfiles/images/02.jpg]
[gorod53.ru/userfiles/images/hknYJpeC2X4-2(1).jpg]
[gorod53.ru/userfiles/images/1 shangurova.jpg]
[gorod53.ru/userfiles/images/y_8ef5a2b6.jpg]
[gorod53.ru/userfiles/images/z_dcf6b8bc.jpg]
[gorod53.ru/userfiles/images/z_e39ac456.jpg]
[gorod53.ru/narodnie-kollektivi/studiya-dekorativno-prikladnogo-tvorchestva-lakovaya-miniatyura.html]
[gorod53.ru/userfiles/images/dmayRMUsjck(2)(1).jpg]
[gorod53.ru/narodnie-kollektivi/gruppa-meloman.html]
[gorod53.ru/narodnie-kollektivi/horeograficheskaya-studiya-apelsin.html]
[gorod53.ru/narodnie-kollektivi/indexe732.html]
[gorod53.ru/userfiles/files/     (2020).pdf]
[gorod53.ru/userfiles/files/  -  N1 -     (2020-2021).pdf]
[gorod53.ru/userfiles/files/    () -  N 2   (2017).pdf]
[gorod53.ru/userfiles/files/       -  N 3  N 4  .pdf]
[gorod53.ru/uslugi/poseshenie-organizovannih-zanyatij-v-kollektivah-platnoj-seti.html]
[gorod53.ru/userfiles/files/  -  N2 -     (2020-2021).pdf]
[gorod53.ru/userfiles/files/  -  N3 -      (2020-2021).pdf]
[gorod53.ru/userfiles/files/  -  N4 - -  (2020-2021).pdf]
[gorod53.ru/userfiles/files/  -  N5 - -  (2020-2021).pdf]
[gorod53.ru/uslugi/perechen-platnih-uslug.html]
[gorod53.ru/uslugi/indexe732.html]
[gorod53.ru/userfiles/images/  (5).jpg]
[gorod53.ru/userfiles/files/   (1).pdf]
[gorod53.ru/userfiles/files/      (_ 7_2)(1).doc]
[gorod53.ru/ustavnie-dokumenti.html]
[gorod53.ru/sout/index.html]
[gorod53.ru/userfiles/files/  2016 .doc]
[gorod53.ru/userfiles/files/  2017 .doc]
[gorod53.ru/userfiles/files/         2018 .doc]
[gorod53.ru/userfiles/files/  2019 .doc]
[gorod53.ru/userfiles/files/  2020 .doc]
[gorod53.ru/userfiles/files/         2021 .pdf]
[gorod53.ru/userfiles/files/         2022 .pdf]
[gorod53.ru/plan-raboti-mauk-dvoretc-kulturi-i-molodezhi-gorod.html]
[gorod53.ru/userfiles/files/3  2016 .doc]
[gorod53.ru/userfiles/files/6  2016 (2).doc]
[gorod53.ru/userfiles/files/9  2016 .doc]
[gorod53.ru/userfiles/files/    12  2016.doc]
[gorod53.ru/userfiles/files/3  2017 .doc]
[gorod53.ru/userfiles/files/6  2017 .doc]
[gorod53.ru/userfiles/files/9  2017 .doc]
[gorod53.ru/userfiles/files/          12  2017 .doc]
[gorod53.ru/userfiles/files/    ''    ''''  3  2018 .doc]
[gorod53.ru/userfiles/files/6  2018  (2).doc]
[gorod53.ru/userfiles/files/9  2018  .doc]
[gorod53.ru/userfiles/files/12  2018  .doc]
[gorod53.ru/userfiles/files/3  2019  .doc]
[gorod53.ru/userfiles/files/6  2019  .doc]
[gorod53.ru/userfiles/files/9  2019  .doc]
[gorod53.ru/userfiles/files/12  2019  (2).doc]
[gorod53.ru/userfiles/files/3  2020  .doc]
[gorod53.ru/userfiles/files/6  2020  .doc]
[gorod53.ru/userfiles/files/9  2020  .doc]
[gorod53.ru/userfiles/files/12  2020  .doc]
[gorod53.ru/userfiles/files/3  2021  .doc]
[gorod53.ru/userfiles/files/6  2021  .doc]
[gorod53.ru/userfiles/files/9  2021  .doc]
[gorod53.ru/userfiles/files/3 mec Otchot municipalnogo zadaniya za 3 mec 2022.pdf]
[gorod53.ru/userfiles/files/6 mec Otchot municipalnogo zadaniya za 6 mec 2022.pdf]
[gorod53.ru/otchet-o-rabote-mauk-dvoretc-kulturi-i-molodezhi-gorod.html]
[gorod53.ru/userfiles/files/  1 _ 2016.doc]
[gorod53.ru/userfiles/files/  2 _ 2016.doc]
[gorod53.ru/userfiles/files/  3 _ 2016.doc]
[gorod53.ru/userfiles/files/  4 _ 2016.doc]
[gorod53.ru/userfiles/files/  1 _ 2017.doc]
[gorod53.ru/userfiles/files/  2 _ 2017.doc]
[gorod53.ru/userfiles/files/   2017.doc]
[gorod53.ru/userfiles/files/      2017  4 .doc]
[gorod53.ru/userfiles/files/      2018  1 .doc]
[gorod53.ru/userfiles/files/  2 _ 2018 .doc]
[gorod53.ru/userfiles/files/  3 _ 2018 .doc]
[gorod53.ru/userfiles/files/  4  _ 2018 .doc]
[gorod53.ru/userfiles/files/  1 _ 2019 .doc]
[gorod53.ru/userfiles/files/  2 _ 2019 .doc]
[gorod53.ru/userfiles/files/  3 _ 2019 .doc]
[gorod53.ru/userfiles/files/  4 _ 2019 .doc]
[gorod53.ru/userfiles/files/  1 _ 2020 .doc]
[gorod53.ru/userfiles/files/  2 _ 2020 .doc]
[gorod53.ru/userfiles/files/  3 _ 2020 .doc]
[gorod53.ru/userfiles/files/  4 _ 2020 .doc]
[gorod53.ru/userfiles/files/  3 _ 2021 .doc]
[gorod53.ru/userfiles/files/  6 _ 2021 .doc]
[gorod53.ru/userfiles/files/  9 _ 2021 .doc]
[gorod53.ru/userfiles/files/4 kv Otcxot o municipalnogo zadaniya 2021 god 4 kv.pdf]
[gorod53.ru/userfiles/files/Otchot municipalnogo zadaniya 1 kv 22.pdf]
[gorod53.ru/userfiles/files/2 kv Otchot o vipolnenii municipalnogo zadaniya 2022 god 2 kv.pdf]
[gorod53.ru/otchet-o-vipolnenii-munitcipalnogo-zadaniya.html]
[gorod53.ru/nezavisimaya-otcenka-kachestva-uslovij-okazaniya-uslug/index.html]
[gorod53.ru/kontaktye732.html]
[gorod53.ru/images/anonsy/124.jpg]
[gorod53.ru/anonsy/124.html]
[gorod53.ru/anonsy/366e732.html]
[gorod53.ru/anonsy/354.html]
[gorod53.ru/images/anonsy/124-sm.jpg]
[gorod53.ru/images/anonsy/354-sm.jpg]
[gorod53.ru/images/anonsy/358-sm.jpg]
[gorod53.ru/anonsy/358.html]
[gorod53.ru/images/anonsy/361-sm.jpg]
[gorod53.ru/anonsy/361.html]
[gorod53.ru/images/anonsy/362-sm.jpg]
[gorod53.ru/anonsy/362.html]
[gorod53.ru/images/anonsy/363-sm.jpg]
[gorod53.ru/anonsy/index5c98.html]
[gorod53.ru/anonsy/indexd661.html]
[gorod53.ru/anonsy/indexe732.html]
[gorod53.ru/anonsy/381e732.html]
[gorod53.ru/anonsy/363.html]
[gorod53.ru/anonsy/index1ac5.html]
[gorod53.ru/images/anonsy/374.jpg]
[sun9-85.userapi.com/impg/87PZCRnSi0c5P5TXiaTzP1-y7J2hziVYZbE-mg/qh8hB3tgMkI4e82.jpg]
[sun9-82.userapi.com/impg/Hel_sXYzHZ3kmtltjQIJsK2n2RwRTPeyZ3cnaQ/nYs1w2ZCCIwf4fe.jpg]
[sun9-80.userapi.com/impg/ep2mwEUge6hxealdavvlkBk8h5KO8mwZp3g27A/8lw_Z99MEv0844c.jpg]
[sun9-41.userapi.com/impg/3IwbEM35wa3nB2aaJVnqx8sCMxCsDuYJ9dUW4w/ZSwkXujW0ic3b92.jpg]
[sun9-31.userapi.com/impg/jAUkXoowreHrLB9rtpeZC-TlrO5o5cfYOALX8A/06pw4kNwCQc7cc5.jpg]
[sun9-19.userapi.com/impg/IuuxNCv5I2oyNPvcCps4mGfBavV-yxitC0wbpg/hrXcVLawzl4d232.jpg]
